---
source: crates/fuse-parser/tests/cases/mod.rs
expression: tokens
input_file: crates/fuse-parser/tests/cases/pass/string-literal-04/case.fuse
---
[
  TokenReference(
    token: Token(
      span: Span(
        start: 0,
        end: 17,
      ),
      kind: StringLiteral,
    ),
    leading_trivia: [],
    trailing_trivia: [
      Token(
        span: Span(
          start: 17,
          end: 18,
        ),
        kind: Whitespace,
      ),
    ],
  ),
]
