---
source: crates/fuse-parser/tests/cases/mod.rs
description: "-123\n"
expression: parsed.chunk
input_file: crates/fuse-parser/tests/cases/pass/unary-operator-02/case.fuse
---
Some(Chunk(
  span: Span(
    start: 0,
    end: 5,
  ),
  body: Block(
    statements: [
      Expression(UnaryOperator(UnaryOperator(
        kind: Minus(Span(
          start: 0,
          end: 1,
        )),
        expression: Literal(Number(NumberLiteral(
          span: Span(
            start: 1,
            end: 4,
          ),
          raw: Atom("123"),
          value: 123.0,
          kind: Decimal,
        ))),
      ))),
    ],
  ),
))
