---
source: crates/fuse-parser/tests/cases/mod.rs
description: "(\"hello\")\n"
expression: tokens
input_file: crates/fuse-parser/tests/cases/pass/parenthesized-expression-01/case.fuse
---
[
  TokenReference(
    token: Token(
      span: Span(
        start: 0,
        end: 1,
      ),
      kind: LParen,
    ),
    leading_trivia: [],
    trailing_trivia: [],
  ),
  TokenReference(
    token: Token(
      span: Span(
        start: 1,
        end: 8,
      ),
      kind: StringLiteral,
    ),
    leading_trivia: [],
    trailing_trivia: [],
  ),
  TokenReference(
    token: Token(
      span: Span(
        start: 8,
        end: 9,
      ),
      kind: RParen,
    ),
    leading_trivia: [],
    trailing_trivia: [
      Token(
        span: Span(
          start: 9,
          end: 10,
        ),
        kind: Whitespace,
      ),
    ],
  ),
]
