---
source: crates/fuse-parser/tests/cases/mod.rs
description: "false\n"
expression: tokens
input_file: crates/fuse-parser/tests/cases/pass/boolean-literal-02/case.fuse
---
[
  TokenReference(
    token: Token(
      span: Span(
        start: 0,
        end: 5,
      ),
      kind: False,
    ),
    leading_trivia: [],
    trailing_trivia: [
      Token(
        span: Span(
          start: 5,
          end: 6,
        ),
        kind: Whitespace,
      ),
    ],
  ),
]
