---
source: crates/fuse-parser/tests/cases/mod.rs
description: "(first,)\n"
expression: parsed.chunk
input_file: crates/fuse-parser/tests/cases/pass/tuple-initializer-03/case.fuse
---
Some(Chunk(
  span: Span(
    start: 0,
    end: 9,
  ),
  body: Block(
    statements: [
      Expression(TupleExpression(TupleExpression(
        span: Span(
          start: 0,
          end: 8,
        ),
        elements: [
          Expression(Identifier(Identifier(
            span: Span(
              start: 1,
              end: 6,
            ),
            name: Atom("first"),
          ))),
        ],
      ))),
    ],
  ),
))
