---
source: crates/fuse-parser/tests/cases/mod.rs
description: "(first,)\n"
expression: tokens
input_file: crates/fuse-parser/tests/cases/pass/tuple-initializer-03/case.fuse
---
[
  TokenReference(
    token: Token(
      span: Span(
        start: 0,
        end: 1,
      ),
      kind: LParen,
    ),
    leading_trivia: [],
    trailing_trivia: [],
  ),
  TokenReference(
    token: Token(
      span: Span(
        start: 1,
        end: 6,
      ),
      kind: Identifier,
    ),
    leading_trivia: [],
    trailing_trivia: [],
  ),
  TokenReference(
    token: Token(
      span: Span(
        start: 6,
        end: 7,
      ),
      kind: Comma,
    ),
    leading_trivia: [],
    trailing_trivia: [],
  ),
  TokenReference(
    token: Token(
      span: Span(
        start: 7,
        end: 8,
      ),
      kind: RParen,
    ),
    leading_trivia: [],
    trailing_trivia: [
      Token(
        span: Span(
          start: 8,
          end: 9,
        ),
        kind: Whitespace,
      ),
    ],
  ),
]
