---
source: crates/fuse-parser/tests/cases/mod.rs
description: "(123 and 456 or 789 > other)\n"
expression: parsed.chunk
input_file: crates/fuse-parser/tests/cases/pass/parenthesized-expression-03/case.fuse
---
Some(Chunk(
  span: Span(
    start: 0,
    end: 29,
  ),
  body: Block(
    statements: [
      Expression(ParenthesizedExpression(ParenthesizedExpression(
        span: Span(
          start: 0,
          end: 28,
        ),
        expression: BinaryOperator(BinaryOperator(
          kind: LogicalOr(Span(
            start: 13,
            end: 15,
          )),
          lhs: BinaryOperator(BinaryOperator(
            kind: LogicalAnd(Span(
              start: 5,
              end: 8,
            )),
            lhs: NumberLiteral(NumberLiteral(
              span: Span(
                start: 1,
                end: 4,
              ),
              raw: Atom("123"),
              value: 123.0,
              kind: Decimal,
            )),
            rhs: NumberLiteral(NumberLiteral(
              span: Span(
                start: 9,
                end: 12,
              ),
              raw: Atom("456"),
              value: 456.0,
              kind: Decimal,
            )),
          )),
          rhs: BinaryOperator(BinaryOperator(
            kind: GreaterThan(Span(
              start: 20,
              end: 21,
            )),
            lhs: NumberLiteral(NumberLiteral(
              span: Span(
                start: 16,
                end: 19,
              ),
              raw: Atom("789"),
              value: 789.0,
              kind: Decimal,
            )),
            rhs: Identifier(Identifier(
              span: Span(
                start: 22,
                end: 27,
              ),
              name: Atom("other"),
              reference: None,
            )),
          )),
        )),
      ))),
    ],
  ),
))
