---
source: crates/fuse-parser/tests/cases/mod.rs
expression: tokens
input_file: crates/fuse-parser/tests/cases/pass/if-expression-01/case.fuse
---
[
  TokenReference(
    token: Token(
      span: Span(
        start: 0,
        end: 2,
      ),
      kind: If,
    ),
    leading_trivia: [],
    trailing_trivia: [
      Token(
        span: Span(
          start: 2,
          end: 3,
        ),
        kind: Whitespace,
      ),
    ],
  ),
  TokenReference(
    token: Token(
      span: Span(
        start: 3,
        end: 7,
      ),
      kind: Identifier,
    ),
    leading_trivia: [],
    trailing_trivia: [
      Token(
        span: Span(
          start: 7,
          end: 8,
        ),
        kind: Whitespace,
      ),
    ],
  ),
  TokenReference(
    token: Token(
      span: Span(
        start: 8,
        end: 12,
      ),
      kind: Then,
    ),
    leading_trivia: [],
    trailing_trivia: [
      Token(
        span: Span(
          start: 12,
          end: 13,
        ),
        kind: Whitespace,
      ),
    ],
  ),
  TokenReference(
    token: Token(
      span: Span(
        start: 13,
        end: 17,
      ),
      kind: True,
    ),
    leading_trivia: [],
    trailing_trivia: [
      Token(
        span: Span(
          start: 17,
          end: 18,
        ),
        kind: Whitespace,
      ),
    ],
  ),
  TokenReference(
    token: Token(
      span: Span(
        start: 18,
        end: 21,
      ),
      kind: End,
    ),
    leading_trivia: [],
    trailing_trivia: [
      Token(
        span: Span(
          start: 21,
          end: 22,
        ),
        kind: Whitespace,
      ),
    ],
  ),
]
