---
source: crates/fuse-parser/tests/cases/mod.rs
expression: tokens
input_file: crates/fuse-parser/tests/cases/pass/unary-operator-03/case.fuse
---
[
  TokenReference(
    token: Token(
      span: Span(
        start: 0,
        end: 1,
      ),
      kind: Plus,
    ),
    leading_trivia: [],
    trailing_trivia: [],
  ),
  TokenReference(
    token: Token(
      span: Span(
        start: 1,
        end: 4,
      ),
      kind: NumberLiteral,
    ),
    leading_trivia: [],
    trailing_trivia: [
      Token(
        span: Span(
          start: 4,
          end: 5,
        ),
        kind: Whitespace,
      ),
    ],
  ),
]
