---
source: crates/fuse-parser/tests/cases/mod.rs
expression: tokens
input_file: crates/fuse-parser/tests/cases/pass/variable-declaration-02/case.fuse
---
[
  TokenReference(
    token: Token(
      span: Span(
        start: 0,
        end: 3,
      ),
      kind: Let,
    ),
    leading_trivia: [],
    trailing_trivia: [
      Token(
        span: Span(
          start: 3,
          end: 4,
        ),
        kind: Whitespace,
      ),
    ],
  ),
  TokenReference(
    token: Token(
      span: Span(
        start: 4,
        end: 6,
      ),
      kind: Identifier,
    ),
    leading_trivia: [],
    trailing_trivia: [
      Token(
        span: Span(
          start: 6,
          end: 7,
        ),
        kind: Whitespace,
      ),
    ],
  ),
  TokenReference(
    token: Token(
      span: Span(
        start: 7,
        end: 8,
      ),
      kind: Eq,
    ),
    leading_trivia: [],
    trailing_trivia: [
      Token(
        span: Span(
          start: 8,
          end: 9,
        ),
        kind: Whitespace,
      ),
    ],
  ),
  TokenReference(
    token: Token(
      span: Span(
        start: 9,
        end: 16,
      ),
      kind: StringLiteral,
    ),
    leading_trivia: [],
    trailing_trivia: [
      Token(
        span: Span(
          start: 16,
          end: 17,
        ),
        kind: Whitespace,
      ),
    ],
  ),
]
