---
source: crates/fuse-parser/tests/cases/mod.rs
description: "impl Trait for Test\nend\n"
expression: parsed.chunk
input_file: crates/fuse-parser/tests/cases/pass/impl-statement-01/case.fuse
---
Some(Chunk(
  span: Span(
    start: 0,
    end: 24,
  ),
  body: Block(
    statements: [
      ImplStatement(ImplStatement(
        span: Span(
          start: 0,
          end: 23,
        ),
        target: TypeAnnotation(
          identifier: Identifier(
            span: Span(
              start: 15,
              end: 19,
            ),
            name: Atom("Test"),
            reference: None,
          ),
        ),
        trait: TypeAnnotation(
          identifier: Identifier(
            span: Span(
              start: 5,
              end: 10,
            ),
            name: Atom("Trait"),
            reference: None,
          ),
        ),
        methods: [],
      )),
    ],
  ),
))
