---
source: crates/fuse-parser/tests/cases/mod.rs
expression: tokens
input_file: crates/fuse-parser/tests/cases/pass/binary-operator-08/case.fuse
---
[
  TokenReference(
    token: Token(
      span: Span(
        start: 0,
        end: 6,
      ),
      kind: NumberLiteral,
    ),
    leading_trivia: [],
    trailing_trivia: [
      Token(
        span: Span(
          start: 6,
          end: 7,
        ),
        kind: Whitespace,
      ),
    ],
  ),
  TokenReference(
    token: Token(
      span: Span(
        start: 7,
        end: 8,
      ),
      kind: Amp,
    ),
    leading_trivia: [],
    trailing_trivia: [
      Token(
        span: Span(
          start: 8,
          end: 9,
        ),
        kind: Whitespace,
      ),
    ],
  ),
  TokenReference(
    token: Token(
      span: Span(
        start: 9,
        end: 15,
      ),
      kind: NumberLiteral,
    ),
    leading_trivia: [],
    trailing_trivia: [
      Token(
        span: Span(
          start: 15,
          end: 16,
        ),
        kind: Whitespace,
      ),
    ],
  ),
]
