---
source: crates/fuse-parser/tests/cases/mod.rs
description: "(identifier)\n"
expression: parsed.chunk
input_file: crates/fuse-parser/tests/cases/pass/parenthesized-expression-02/case.fuse
---
Some(Chunk(
  span: Span(
    start: 0,
    end: 13,
  ),
  body: Block(
    statements: [
      Expression(ParenthesizedExpression(ParenthesizedExpression(
        span: Span(
          start: 0,
          end: 12,
        ),
        expression: Identifier(Identifier(
          span: Span(
            start: 1,
            end: 11,
          ),
          name: Atom("identifier"),
          reference: None,
        )),
      ))),
    ],
  ),
))
