---
source: crates/fuse-parser/tests/cases/mod.rs
expression: tokens
input_file: crates/fuse-parser/tests/cases/pass/number-literal-06/case.fuse
---
[
  TokenReference(
    token: Token(
      span: Span(
        start: 0,
        end: 7,
      ),
      kind: NumberLiteral,
    ),
    leading_trivia: [],
    trailing_trivia: [
      Token(
        span: Span(
          start: 7,
          end: 8,
        ),
        kind: Whitespace,
      ),
    ],
  ),
]
