---
source: crates/fuse-parser/tests/cases/mod.rs
expression: parsed.chunk
input_file: crates/fuse-parser/tests/cases/pass/array-initializer-02/case.fuse
---
Some(Chunk(
  span: Span(
    start: 0,
    end: 38,
  ),
  body: Block(
    statements: [
      Expression(ArrayExpression(ArrayExpression(
        span: Span(
          start: 0,
          end: 37,
        ),
        elements: [
          Expression(NumberLiteral(NumberLiteral(
            span: Span(
              start: 1,
              end: 2,
            ),
            raw: Atom("1"),
            value: 1.0,
            kind: Decimal,
          ))),
          Expression(NumberLiteral(NumberLiteral(
            span: Span(
              start: 4,
              end: 5,
            ),
            raw: Atom("2"),
            value: 2.0,
            kind: Decimal,
          ))),
          Expression(NumberLiteral(NumberLiteral(
            span: Span(
              start: 7,
              end: 8,
            ),
            raw: Atom("3"),
            value: 3.0,
            kind: Decimal,
          ))),
          Expression(NumberLiteral(NumberLiteral(
            span: Span(
              start: 10,
              end: 11,
            ),
            raw: Atom("4"),
            value: 4.0,
            kind: Decimal,
          ))),
          Spread(SpreadElement(
            span: Span(
              start: 13,
              end: 36,
            ),
            element: ArrayExpression(ArrayExpression(
              span: Span(
                start: 16,
                end: 36,
              ),
              elements: [
                Expression(NumberLiteral(NumberLiteral(
                  span: Span(
                    start: 17,
                    end: 18,
                  ),
                  raw: Atom("5"),
                  value: 5.0,
                  kind: Decimal,
                ))),
                Expression(NumberLiteral(NumberLiteral(
                  span: Span(
                    start: 20,
                    end: 21,
                  ),
                  raw: Atom("6"),
                  value: 6.0,
                  kind: Decimal,
                ))),
                Expression(NumberLiteral(NumberLiteral(
                  span: Span(
                    start: 23,
                    end: 24,
                  ),
                  raw: Atom("7"),
                  value: 7.0,
                  kind: Decimal,
                ))),
                Spread(SpreadElement(
                  span: Span(
                    start: 26,
                    end: 35,
                  ),
                  element: ArrayExpression(ArrayExpression(
                    span: Span(
                      start: 29,
                      end: 35,
                    ),
                    elements: [
                      Expression(NumberLiteral(NumberLiteral(
                        span: Span(
                          start: 30,
                          end: 31,
                        ),
                        raw: Atom("8"),
                        value: 8.0,
                        kind: Decimal,
                      ))),
                      Expression(NumberLiteral(NumberLiteral(
                        span: Span(
                          start: 33,
                          end: 34,
                        ),
                        raw: Atom("9"),
                        value: 9.0,
                        kind: Decimal,
                      ))),
                    ],
                  )),
                )),
              ],
            )),
          )),
        ],
      ))),
    ],
  ),
))
