---
source: crates/fuse-parser/tests/cases/mod.rs
expression: tokens
input_file: crates/fuse-parser/tests/cases/pass/array-initializer-02/case.fuse
---
[
  TokenReference(
    token: Token(
      span: Span(
        start: 0,
        end: 1,
      ),
      kind: LBrack,
    ),
    leading_trivia: [],
    trailing_trivia: [],
  ),
  TokenReference(
    token: Token(
      span: Span(
        start: 1,
        end: 2,
      ),
      kind: NumberLiteral,
    ),
    leading_trivia: [],
    trailing_trivia: [],
  ),
  TokenReference(
    token: Token(
      span: Span(
        start: 2,
        end: 3,
      ),
      kind: Comma,
    ),
    leading_trivia: [],
    trailing_trivia: [
      Token(
        span: Span(
          start: 3,
          end: 4,
        ),
        kind: Whitespace,
      ),
    ],
  ),
  TokenReference(
    token: Token(
      span: Span(
        start: 4,
        end: 5,
      ),
      kind: NumberLiteral,
    ),
    leading_trivia: [],
    trailing_trivia: [],
  ),
  TokenReference(
    token: Token(
      span: Span(
        start: 5,
        end: 6,
      ),
      kind: Comma,
    ),
    leading_trivia: [],
    trailing_trivia: [
      Token(
        span: Span(
          start: 6,
          end: 7,
        ),
        kind: Whitespace,
      ),
    ],
  ),
  TokenReference(
    token: Token(
      span: Span(
        start: 7,
        end: 8,
      ),
      kind: NumberLiteral,
    ),
    leading_trivia: [],
    trailing_trivia: [],
  ),
  TokenReference(
    token: Token(
      span: Span(
        start: 8,
        end: 9,
      ),
      kind: Comma,
    ),
    leading_trivia: [],
    trailing_trivia: [
      Token(
        span: Span(
          start: 9,
          end: 10,
        ),
        kind: Whitespace,
      ),
    ],
  ),
  TokenReference(
    token: Token(
      span: Span(
        start: 10,
        end: 11,
      ),
      kind: NumberLiteral,
    ),
    leading_trivia: [],
    trailing_trivia: [],
  ),
  TokenReference(
    token: Token(
      span: Span(
        start: 11,
        end: 12,
      ),
      kind: Comma,
    ),
    leading_trivia: [],
    trailing_trivia: [
      Token(
        span: Span(
          start: 12,
          end: 13,
        ),
        kind: Whitespace,
      ),
    ],
  ),
  TokenReference(
    token: Token(
      span: Span(
        start: 13,
        end: 16,
      ),
      kind: Dot3,
    ),
    leading_trivia: [],
    trailing_trivia: [],
  ),
  TokenReference(
    token: Token(
      span: Span(
        start: 16,
        end: 17,
      ),
      kind: LBrack,
    ),
    leading_trivia: [],
    trailing_trivia: [],
  ),
  TokenReference(
    token: Token(
      span: Span(
        start: 17,
        end: 18,
      ),
      kind: NumberLiteral,
    ),
    leading_trivia: [],
    trailing_trivia: [],
  ),
  TokenReference(
    token: Token(
      span: Span(
        start: 18,
        end: 19,
      ),
      kind: Comma,
    ),
    leading_trivia: [],
    trailing_trivia: [
      Token(
        span: Span(
          start: 19,
          end: 20,
        ),
        kind: Whitespace,
      ),
    ],
  ),
  TokenReference(
    token: Token(
      span: Span(
        start: 20,
        end: 21,
      ),
      kind: NumberLiteral,
    ),
    leading_trivia: [],
    trailing_trivia: [],
  ),
  TokenReference(
    token: Token(
      span: Span(
        start: 21,
        end: 22,
      ),
      kind: Comma,
    ),
    leading_trivia: [],
    trailing_trivia: [
      Token(
        span: Span(
          start: 22,
          end: 23,
        ),
        kind: Whitespace,
      ),
    ],
  ),
  TokenReference(
    token: Token(
      span: Span(
        start: 23,
        end: 24,
      ),
      kind: NumberLiteral,
    ),
    leading_trivia: [],
    trailing_trivia: [],
  ),
  TokenReference(
    token: Token(
      span: Span(
        start: 24,
        end: 25,
      ),
      kind: Comma,
    ),
    leading_trivia: [],
    trailing_trivia: [
      Token(
        span: Span(
          start: 25,
          end: 26,
        ),
        kind: Whitespace,
      ),
    ],
  ),
  TokenReference(
    token: Token(
      span: Span(
        start: 26,
        end: 29,
      ),
      kind: Dot3,
    ),
    leading_trivia: [],
    trailing_trivia: [],
  ),
  TokenReference(
    token: Token(
      span: Span(
        start: 29,
        end: 30,
      ),
      kind: LBrack,
    ),
    leading_trivia: [],
    trailing_trivia: [],
  ),
  TokenReference(
    token: Token(
      span: Span(
        start: 30,
        end: 31,
      ),
      kind: NumberLiteral,
    ),
    leading_trivia: [],
    trailing_trivia: [],
  ),
  TokenReference(
    token: Token(
      span: Span(
        start: 31,
        end: 32,
      ),
      kind: Comma,
    ),
    leading_trivia: [],
    trailing_trivia: [
      Token(
        span: Span(
          start: 32,
          end: 33,
        ),
        kind: Whitespace,
      ),
    ],
  ),
  TokenReference(
    token: Token(
      span: Span(
        start: 33,
        end: 34,
      ),
      kind: NumberLiteral,
    ),
    leading_trivia: [],
    trailing_trivia: [],
  ),
  TokenReference(
    token: Token(
      span: Span(
        start: 34,
        end: 35,
      ),
      kind: RBrack,
    ),
    leading_trivia: [],
    trailing_trivia: [],
  ),
  TokenReference(
    token: Token(
      span: Span(
        start: 35,
        end: 36,
      ),
      kind: RBrack,
    ),
    leading_trivia: [],
    trailing_trivia: [],
  ),
  TokenReference(
    token: Token(
      span: Span(
        start: 36,
        end: 37,
      ),
      kind: RBrack,
    ),
    leading_trivia: [],
    trailing_trivia: [
      Token(
        span: Span(
          start: 37,
          end: 38,
        ),
        kind: Whitespace,
      ),
    ],
  ),
]
