---
source: crates/fuse-parser/tests/cases/mod.rs
expression: tokens
input_file: crates/fuse-parser/tests/cases/pass/array-initializer-03/case.fuse
---
[
  TokenReference(
    token: Token(
      span: Span(
        start: 0,
        end: 1,
      ),
      kind: LBrack,
    ),
    leading_trivia: [],
    trailing_trivia: [],
  ),
  TokenReference(
    token: Token(
      span: Span(
        start: 1,
        end: 2,
      ),
      kind: RBrack,
    ),
    leading_trivia: [],
    trailing_trivia: [
      Token(
        span: Span(
          start: 2,
          end: 3,
        ),
        kind: Whitespace,
      ),
    ],
  ),
]
