---
source: crates/fuse-parser/tests/cases/mod.rs
expression: tokens
input_file: crates/fuse-parser/tests/cases/pass/string-literal-03/case.fuse
---
[
  TokenReference(
    token: Token(
      span: Span(
        start: 0,
        end: 22,
      ),
      kind: StringLiteral,
    ),
    leading_trivia: [],
    trailing_trivia: [
      Token(
        span: Span(
          start: 22,
          end: 23,
        ),
        kind: Whitespace,
      ),
    ],
  ),
]
