---
source: crates/fuse-parser/tests/cases/mod.rs
expression: parsed.chunk
input_file: crates/fuse-parser/tests/cases/pass/binary-operator-03/case.fuse
---
Some(Chunk(
  span: Span(
    start: 0,
    end: 13,
  ),
  body: Block(
    statements: [
      Expression(BinaryOperator(BinaryOperator(
        kind: LogicalOr(Span(
          start: 8,
          end: 10,
        )),
        lhs: BinaryOperator(BinaryOperator(
          kind: LogicalAnd(Span(
            start: 2,
            end: 5,
          )),
          lhs: Identifier(Identifier(
            span: Span(
              start: 0,
              end: 1,
            ),
            name: Atom("a"),
          )),
          rhs: Identifier(Identifier(
            span: Span(
              start: 6,
              end: 7,
            ),
            name: Atom("b"),
          )),
        )),
        rhs: Identifier(Identifier(
          span: Span(
            start: 11,
            end: 12,
          ),
          name: Atom("c"),
        )),
      ))),
    ],
  ),
))
