---
source: crates/fuse-parser/tests/cases/mod.rs
description: "a and b\n"
expression: parsed.chunk
input_file: crates/fuse-parser/tests/cases/pass/binary-operator-01/case.fuse
---
Some(Chunk(
  span: Span(
    start: 0,
    end: 8,
  ),
  body: Block(
    statements: [
      Expression(BinaryOperator(BinaryOperator(
        kind: LogicalAnd(Span(
          start: 2,
          end: 5,
        )),
        lhs: Identifier(Identifier(
          span: Span(
            start: 0,
            end: 1,
          ),
          name: Atom("a"),
        )),
        rhs: Identifier(Identifier(
          span: Span(
            start: 6,
            end: 7,
          ),
          name: Atom("b"),
        )),
      ))),
    ],
  ),
))
