---
source: crates/fuse-parser/tests/cases/mod.rs
description: "fn test(a) => a\n"
expression: parsed.chunk
input_file: crates/fuse-parser/tests/cases/pass/function-declaration-03/case.fuse
---
Some(Chunk(
  span: Span(
    start: 0,
    end: 16,
  ),
  body: Block(
    statements: [
      FunctionDeclaration(Function(
        span: Span(
          start: 0,
          end: 15,
        ),
        signature: FunctionSignature(
          span: Span(
            start: 0,
            end: 10,
          ),
          identifier: Some(Identifier(
            span: Span(
              start: 3,
              end: 7,
            ),
            name: Atom("test"),
          )),
          params: FunctionParameters(
            span: Span(
              start: 7,
              end: 10,
            ),
            items: [
              FunctionParameter(
                span: Span(
                  start: 8,
                  end: 9,
                ),
                pattern: BindingPattern(
                  kind: Identifier(BindingIdentifier(
                    span: Span(
                      start: 8,
                      end: 9,
                    ),
                    atom: Atom("a"),
                    mutable: false,
                  )),
                  type_annotation: None,
                  optional: false,
                ),
              ),
            ],
            rest: None,
          ),
          return_type: None,
        ),
        body: Expression(Identifier(Identifier(
          span: Span(
            start: 14,
            end: 15,
          ),
          name: Atom("a"),
        ))),
      )),
    ],
  ),
))
