---
source: crates/fuse-parser/tests/cases/mod.rs
expression: parsed.chunk
input_file: crates/fuse-parser/tests/cases/fail/panic/variable-declaration-01/case.fuse
---
None
