---
source: crates/fuse-parser/tests/cases/mod.rs
description: "0b0101 | 0b1010\n"
expression: parsed.chunk
input_file: crates/fuse-parser/tests/cases/pass/binary-operator-09/case.fuse
---
Some(Chunk(
  span: Span(
    start: 0,
    end: 16,
  ),
  body: Block(
    statements: [
      Expression(BinaryOperator(BinaryOperator(
        kind: BitwiseOr(Span(
          start: 7,
          end: 8,
        )),
        lhs: Literal(Number(NumberLiteral(
          span: Span(
            start: 0,
            end: 6,
          ),
          raw: Atom("0b0101"),
          value: 5.0,
          kind: Binary,
        ))),
        rhs: Literal(Number(NumberLiteral(
          span: Span(
            start: 9,
            end: 15,
          ),
          raw: Atom("0b1010"),
          value: 10.0,
          kind: Binary,
        ))),
      ))),
    ],
  ),
))
