---
source: crates/fuse-parser/tests/cases/mod.rs
description: "struct MyStruct\n\tfield1: number\n\tfield2: string\n\tfield3: boolean\nend\n"
expression: parsed.chunk
input_file: crates/fuse-parser/tests/cases/pass/struct-declaration-01/case.fuse
---
Some(Chunk(
  span: Span(
    start: 0,
    end: 69,
  ),
  body: Block(
    statements: [
      StructDeclaration(StructDeclaration(
        span: Span(
          start: 0,
          end: 68,
        ),
        identifier: Identifier(
          span: Span(
            start: 7,
            end: 15,
          ),
          name: Atom("MyStruct"),
        ),
        fields: [
          StructField(
            modifier: Private,
            identifier: Identifier(
              span: Span(
                start: 17,
                end: 23,
              ),
              name: Atom("field1"),
            ),
            type_annotation: TypeAnnotation(
              identifier: Identifier(
                span: Span(
                  start: 25,
                  end: 31,
                ),
                name: Atom("number"),
              ),
            ),
          ),
          StructField(
            modifier: Private,
            identifier: Identifier(
              span: Span(
                start: 33,
                end: 39,
              ),
              name: Atom("field2"),
            ),
            type_annotation: TypeAnnotation(
              identifier: Identifier(
                span: Span(
                  start: 41,
                  end: 47,
                ),
                name: Atom("string"),
              ),
            ),
          ),
          StructField(
            modifier: Private,
            identifier: Identifier(
              span: Span(
                start: 49,
                end: 55,
              ),
              name: Atom("field3"),
            ),
            type_annotation: TypeAnnotation(
              identifier: Identifier(
                span: Span(
                  start: 57,
                  end: 64,
                ),
                name: Atom("boolean"),
              ),
            ),
          ),
        ],
      )),
    ],
  ),
))
